- One or more packages recorded in the lockfile are not installed.
- Use `renv::status()` for more details.
── Attaching core tidyverse packages ──────────────────────── tidyverse 2.0.0 ──
✔ dplyr     1.1.4     ✔ readr     2.1.5
✔ forcats   1.0.0     ✔ stringr   1.5.2
✔ ggplot2   4.0.0     ✔ tibble    3.3.0
✔ lubridate 1.9.4     ✔ tidyr     1.3.1
✔ purrr     1.1.0     
── Conflicts ────────────────────────────────────────── tidyverse_conflicts() ──
✖ dplyr::filter() masks stats::filter()
✖ dplyr::lag()    masks stats::lag()
ℹ Use the conflicted package (<http://conflicted.r-lib.org/>) to force all conflicts to become errors
Loading required package: foreach

Attaching package: ‘foreach’

The following objects are masked from ‘package:purrr’:

    accumulate, when

Loading required package: iterators
Loading required package: parallel

Attaching package: ‘data.table’

The following objects are masked from ‘package:lubridate’:

    hour, isoweek, mday, minute, month, quarter, second, wday, week,
    yday, year

The following objects are masked from ‘package:dplyr’:

    between, first, last

The following object is masked from ‘package:purrr’:

    transpose

        R/00_process_configs.R R/00a_prior_functions.R
value   ?                      ?                      
visible FALSE                  FALSE                  
        R/01_model_inputs_functions.R R/02_decision_model_functions.R
value   ?                             ?                              
visible FALSE                         FALSE                          
        R/03_calibration_general_functions.R R/03a_baycann_functions.R
value   ?                                    ?                        
visible FALSE                                FALSE                    
        R/utils/data_processing.R R/utils/distr_empirical.R
value   ?                         ?                        
visible FALSE                     FALSE                    
        R/utils/epi_functions.R R/utils/query_distr.R R/utils/sum_of_cdfs.R
value   ?                       ?                     ?                    
visible FALSE                   FALSE                 FALSE                
<environment: R_GlobalEnv>
[1] "Running on Sherlock"
[1] "# parallel workers: 12"
Error in { : task 4 failed - "unused argument (size = 1)"
Calls: system.time -> %dopar% -> <Anonymous>
In addition: Warning message:
In mclapply(argsList, FUN, mc.preschedule = preschedule, mc.set.seed = set.seed,  :
  scheduled cores 1, 2, 3, 5, 6, 8, 10, 11, 12 did not deliver results, all values of the jobs will be affected
Timing stopped at: 7.055e+04 824.7 3.575e+04
Execution halted
slurmstepd: error: Detected 9 oom_kill events in StepId=6109302.batch. Some of the step tasks have been OOM Killed.
